// Jest Snapshot v1, https://goo.gl/fbAQLP

exports[`App renders correctly 1`] = `
<DocumentFragment>
  <div
    class="App"
  >
    <h1
      class="App__header"
    >
      Surreal 
      <img
        alt="Logo"
        class="App__header__logo"
        src="logo.jpeg"
      />
       Estate
    </h1>
    <div
      class="navbar"
    >
      <ul
        class="navbar__links"
      >
        <li
          class="navbar__links__item"
        >
          <a
            href="/"
          >
            View all Properties
          </a>
        </li>
        <li
          class="navbar__links__item"
        >
          <a
            href="/add-property"
          >
            Add a Property
          </a>
        </li>
      </ul>
    </div>
    <div
      class="properties"
    >
      <h3
        class="properties__header"
      >
        Properties Page
      </h3>
      <div
        class="city-filter"
      >
        <div
          class="filter-sort-search"
        >
          <a
            class="city-filter__link"
            href="/?query={\\"city\\":\\"Manchester\\"}"
          >
            Manchester
          </a>
          <a
            class="city-filter__link"
            href="/?query={\\"city\\":\\"Leeds\\"}"
          >
            Leeds
          </a>
          <a
            class="city-filter__link"
            href="/?query={\\"city\\":\\"Sheffield\\"}"
          >
            Sheffield
          </a>
          <a
            class="city-filter__link"
            href="/?query={\\"city\\":\\"Liverpool\\"}"
          >
            Liverpool
          </a>
          <a
            class="city-filter__link"
            href="/?sort={\\"price\\":1}"
          >
            Low to High
          </a>
          <a
            class="city-filter__link"
            href="/?sort={\\"price\\":-1}"
          >
            High to Low
          </a>
        </div>
      </div>
      <p
        class="no-properties"
      >
        Sorry, there are no available properties in 
      </p>
    </div>
  </div>
</DocumentFragment>
`;
